<html>
<body>
<pre>
<h1>礦ision Build Log</h1>
<h2>Tool Versions:</h2>
IDE-Version: μVision V5.15
Copyright (C) 2015 ARM Ltd and ARM Germany GmbH. All rights reserved.
License Information: Wang Zhaodong,   , LIC=4ZLX7-E12AU-HQW0I-TELLY-24WU3-69SM1
 
Tool Versions:
Toolchain:       MDK-ARM Professional  Version: 5.15.0
Toolchain Path:  C:\Keil_v5\ARM\ARMCC\Bin
C Compiler:      Armcc.exe V5.05 update 2 (build 169)
Assembler:       Armasm.exe V5.05 update 2 (build 169)
Linker/Locator:  ArmLink.exe V5.05 update 2 (build 169)
Library Manager: ArmAr.exe V5.05 update 2 (build 169)
Hex Converter:   FromElf.exe V5.05 update 2 (build 169)
CPU DLL:         SARMCM3.DLL V5.15.0
Dialog DLL:      DCM.DLL V1.13.2.0
Target DLL:      STLink\ST-LINKIII-KEIL_SWO.dll V2.0.15.0_KEIL
Dialog DLL:      TCM.DLL V1.14.5.0
 
<h2>Project:</h2>
C:\Users\admin\Desktop\地感线圈程序v2.1----final20180529\USER\DAC.uvprojx
Project File Date:  09/17/2018

<h2>Output:</h2>
*** Using Compiler 'V5.05 update 2 (build 169)', folder: 'C:\Keil_v5\ARM\ARMCC\Bin'
Build target 'DAC'
compiling main.c...
..\HARDWARE\Pin_In\PI.h(35): warning:  #1-D: last line of file ends without a newline
  #endif
..\HARDWARE\Pin_Out\PO.h(18): warning:  #1-D: last line of file ends without a newline
  #endif
main.c(28): warning:  #177-D: variable "E1_count" was declared but never referenced
        u8   E1_count=0;
main.c(30): warning:  #550-D: variable "len" was set but never used
        u8   len=0;             //串?诮??盏??纸诔ざ?
main.c(34): warning:  #550-D: variable "speed_coding" was set but never used
      u8   speed_coding=0;  //?俣缺???
main.c(40): warning:  #550-D: variable "voltage" was set but never used
        u8   voltage=0;       //??压倍??
main.c(41): warning:  #550-D: variable "current_H" was set but never used
        u8   current_H=0;     //????值??位
main.c(42): warning:  #550-D: variable "current_L" was set but never used
        u8   current_L=0;     //????值??位
main.c(54): warning:  #177-D: variable "c1" was declared but never referenced
        u16  c1=0;
main.c(60): warning:  #177-D: variable "c2" was declared but never referenced
        u16  c2=0;
main.c: 10 warnings, 0 errors
compiling stm32f4xx_it.c...
compiling system_stm32f4xx.c...
compiling led.c...
compiling key.c...
compiling lcd.c...
compiling adc.c...
compiling dac.c...
compiling PI.c...
..\HARDWARE\Pin_In\PI.h(35): warning:  #1-D: last line of file ends without a newline
  #endif
..\HARDWARE\Pin_In\PI.c: 1 warning, 0 errors
compiling PO.c...
..\HARDWARE\Pin_Out\PO.h(18): warning:  #1-D: last line of file ends without a newline
  #endif
..\HARDWARE\Pin_Out\PO.c(23): warning:  #1-D: last line of file ends without a newline
  //??圈2 1位使?芄芙牛?PF15
..\HARDWARE\Pin_Out\PO.c: 2 warnings, 0 errors
compiling pwm.c...
compiling timer.c...
..\HARDWARE\Pin_In\PI.h(35): warning:  #1-D: last line of file ends without a newline
  #endif
..\HARDWARE\TIMER\timer.c: 1 warning, 0 errors
compiling delay.c...
compiling sys.c...
compiling usart.c...
..\SYSTEM\usart\usart.c(50): warning:  #940-D: missing return statement at end of non-void function "_sys_exit"
  } 
..\SYSTEM\usart\usart.c: 1 warning, 0 errors
assembling startup_stm32f40_41xxx.s...
compiling misc.c...
compiling stm32f4xx_adc.c...
compiling stm32f4xx_dac.c...
compiling stm32f4xx_gpio.c...
compiling stm32f4xx_fsmc.c...
compiling stm32f4xx_rcc.c...
compiling stm32f4xx_syscfg.c...
compiling stm32f4xx_usart.c...
compiling stm32f4xx_tim.c...
linking...
Program Size: Code=12736 RO-data=424 RW-data=56 ZI-data=1848  
FromELF: creating hex file...
"..\OBJ\DAC.axf" - 0 Error(s), 15 Warning(s).

<h2>Collection of Component include folders:</h2>
  C:\Users\admin\Desktop\地感线圈程序v2.1----final20180529\USER\RTE
  C:\Keil_v5\ARM\PACK\Keil\STM32F4xx_DFP\1.0.8\Device\Include

<h2>Collection of Component Files used:</h2>
</pre>
</body>
</html>
